// Vitest Snapshot v1, https://vitest.dev/guide/snapshot.html

exports[`sync check > zodv3 1`] = `
{
  "$schema": "http://json-schema.org/draft-07/schema#",
  "additionalProperties": false,
  "description": "My neat object schema",
  "properties": {
    "myString": {
      "type": "string",
    },
    "myUnion": {
      "type": [
        "number",
        "boolean",
      ],
    },
  },
  "required": [
    "myString",
    "myUnion",
  ],
  "type": "object",
}
`;
